2026-08-29 19:16:32,192 artcb.wallet.encryption DEBUG Encrypted secret blob (32 bytes → 85 bytes)
2026-08-29 19:16:32,192 artcb.chain.manager DEBUG Generated new Ed25519 chain key path=/workspace/simulations/20260829T191632Z_e2e167_distributed_consolidated/work/node_A/chain.key
2026-08-29 19:16:32,208 oqs.oqs INFO liboqs-python faulthandler is disabled
2026-08-29 19:16:32,225 artcb.crypto.pqc DEBUG Generated ML-DSA-65 keypair (pub=1952 bytes)
2026-08-29 19:16:32,252 artcb.wallet.encryption DEBUG Encrypted secret blob (5984 bytes → 6037 bytes)
2026-08-29 19:16:32,252 artcb.chain.manager INFO Generated chain hybrid key ML-DSA-65
2026-08-29 19:16:32,358 artcb.system.hardware DEBUG Network bandwidth measured: 100.00 Mbps -> class=BONNE
2026-08-29 19:16:32,358 artcb.system.optimizer DEBUG compute_max_contributors: wallets_active=0 -> adoption_cap=10 | bandwidth=100.0 Mbps class=BONNE -> network_cap=41666 | result=10
2026-08-29 19:16:32,358 src.artcb.security.anti_sybil DEBUG Dynamic max_contributors recalculated: wallets_30d=0 bw=100.0Mbps class=BONNE -> limit=10
2026-08-29 19:16:32,358 src.artcb.security.anti_sybil INFO AntiSybilValidator initialized: min_pol=0.60 max_contributors=10 (dynamic=True) min_interval=0s ai_bypass=False study_mode=False
2026-08-29 19:16:32,358 src.artcb.security.slashing INFO SlashingManager initialized: 0 events, 0 blacklisted addresses
2026-08-29 19:16:32,358 artcb.chain.manager INFO Security modules enabled (Anti-Sybil + Slashing)
2026-08-29 19:16:32,358 artcb.wallet.manager DEBUG WalletManager initialized wallet_dir=/workspace/simulations/20260829T191632Z_e2e167_distributed_consolidated/work/node_A/wallets
2026-08-29 19:16:32,359 artcb.economics.demographic DEBUG demographic ref digest=3d371804c570d3a3 adult_max=5820000000
2026-08-29 19:16:32,359 artcb.mining.protocol INFO Security modules ENABLED (Anti-Sybil + Slashing)
2026-08-29 19:16:32,359 artcb.chain.manager DEBUG chain identity bound humans=True machines=True work=True
2026-08-29 19:16:32,359 artcb.economics.identity DEBUG bootstrap creator id=H-A addr=A
2026-08-29 19:16:32,360 artcb.economics.identity DEBUG creator-direct validated H-B
2026-08-29 19:16:32,362 artcb.economics.identity DEBUG creator-direct validated H-C
2026-08-29 19:16:32,362 artcb.economics.identity DEBUG creator-direct validated H-D
2026-08-29 19:16:32,363 artcb.economics.identity DEBUG creator-direct validated H-E
2026-08-29 19:16:32,363 artcb.economics.human_binding DEBUG registered machine id=M1 owner=A index=1 first=True human=None N_econ=1
2026-08-29 19:16:32,363 artcb.economics.human_binding DEBUG registered machine id=M2 owner=A index=2 first=False human=B N_econ=2
2026-08-29 19:16:32,363 artcb.economics.human_binding DEBUG registered machine id=M3 owner=A index=3 first=False human=C N_econ=3
2026-08-29 19:16:32,364 artcb.economics.human_binding DEBUG registered machine id=M4 owner=A index=4 first=False human=D N_econ=4
2026-08-29 19:16:32,365 artcb.economics.human_binding DEBUG registered machine id=MB1 owner=B index=1 first=True human=None N_econ=1
2026-08-29 19:16:32,389 artcb.wallet.encryption DEBUG Encrypted secret blob (32 bytes → 85 bytes)
2026-08-29 19:16:32,389 artcb.chain.manager DEBUG Generated new Ed25519 chain key path=/workspace/simulations/20260829T191632Z_e2e167_distributed_consolidated/work/node_B/chain.key
2026-08-29 19:16:32,402 artcb.crypto.pqc DEBUG Generated ML-DSA-65 keypair (pub=1952 bytes)
2026-08-29 19:16:32,426 artcb.wallet.encryption DEBUG Encrypted secret blob (5984 bytes → 6037 bytes)
2026-08-29 19:16:32,426 artcb.chain.manager INFO Generated chain hybrid key ML-DSA-65
2026-08-29 19:16:32,527 artcb.system.hardware DEBUG Network bandwidth measured: 100.00 Mbps -> class=BONNE
2026-08-29 19:16:32,527 artcb.system.optimizer DEBUG compute_max_contributors: wallets_active=0 -> adoption_cap=10 | bandwidth=100.0 Mbps class=BONNE -> network_cap=41666 | result=10
2026-08-29 19:16:32,527 src.artcb.security.anti_sybil DEBUG Dynamic max_contributors recalculated: wallets_30d=0 bw=100.0Mbps class=BONNE -> limit=10
2026-08-29 19:16:32,527 src.artcb.security.anti_sybil INFO AntiSybilValidator initialized: min_pol=0.60 max_contributors=10 (dynamic=True) min_interval=0s ai_bypass=False study_mode=False
2026-08-29 19:16:32,527 src.artcb.security.slashing INFO SlashingManager initialized: 0 events, 0 blacklisted addresses
2026-08-29 19:16:32,527 artcb.chain.manager INFO Security modules enabled (Anti-Sybil + Slashing)
2026-08-29 19:16:32,527 artcb.wallet.manager DEBUG WalletManager initialized wallet_dir=/workspace/simulations/20260829T191632Z_e2e167_distributed_consolidated/work/node_B/wallets
2026-08-29 19:16:32,528 artcb.economics.demographic DEBUG demographic ref digest=3d371804c570d3a3 adult_max=5820000000
2026-08-29 19:16:32,528 artcb.mining.protocol INFO Security modules ENABLED (Anti-Sybil + Slashing)
2026-08-29 19:16:32,528 artcb.chain.manager DEBUG chain identity bound humans=True machines=True work=True
2026-08-29 19:16:32,528 artcb.economics.identity DEBUG bootstrap creator id=H-A addr=A
2026-08-29 19:16:32,529 artcb.economics.identity DEBUG creator-direct validated H-B
2026-08-29 19:16:32,530 artcb.economics.identity DEBUG creator-direct validated H-C
2026-08-29 19:16:32,530 artcb.economics.identity DEBUG creator-direct validated H-D
2026-08-29 19:16:32,531 artcb.economics.identity DEBUG creator-direct validated H-E
2026-08-29 19:16:32,531 artcb.economics.human_binding DEBUG registered machine id=M1 owner=A index=1 first=True human=None N_econ=1
2026-08-29 19:16:32,531 artcb.economics.human_binding DEBUG registered machine id=M2 owner=A index=2 first=False human=B N_econ=2
2026-08-29 19:16:32,531 artcb.economics.human_binding DEBUG registered machine id=M3 owner=A index=3 first=False human=C N_econ=3
2026-08-29 19:16:32,532 artcb.economics.human_binding DEBUG registered machine id=M4 owner=A index=4 first=False human=D N_econ=4
2026-08-29 19:16:32,532 artcb.economics.human_binding DEBUG registered machine id=MB1 owner=B index=1 first=True human=None N_econ=1
2026-08-29 19:16:32,556 artcb.wallet.encryption DEBUG Encrypted secret blob (32 bytes → 85 bytes)
2026-08-29 19:16:32,556 artcb.chain.manager DEBUG Generated new Ed25519 chain key path=/workspace/simulations/20260829T191632Z_e2e167_distributed_consolidated/work/node_C/chain.key
2026-08-29 19:16:32,570 artcb.crypto.pqc DEBUG Generated ML-DSA-65 keypair (pub=1952 bytes)
2026-08-29 19:16:32,594 artcb.wallet.encryption DEBUG Encrypted secret blob (5984 bytes → 6037 bytes)
2026-08-29 19:16:32,594 artcb.chain.manager INFO Generated chain hybrid key ML-DSA-65
2026-08-29 19:16:32,694 artcb.system.hardware DEBUG Network bandwidth measured: 100.00 Mbps -> class=BONNE
2026-08-29 19:16:32,695 artcb.system.optimizer DEBUG compute_max_contributors: wallets_active=0 -> adoption_cap=10 | bandwidth=100.0 Mbps class=BONNE -> network_cap=41666 | result=10
2026-08-29 19:16:32,695 src.artcb.security.anti_sybil DEBUG Dynamic max_contributors recalculated: wallets_30d=0 bw=100.0Mbps class=BONNE -> limit=10
2026-08-29 19:16:32,695 src.artcb.security.anti_sybil INFO AntiSybilValidator initialized: min_pol=0.60 max_contributors=10 (dynamic=True) min_interval=0s ai_bypass=False study_mode=False
2026-08-29 19:16:32,695 src.artcb.security.slashing INFO SlashingManager initialized: 0 events, 0 blacklisted addresses
2026-08-29 19:16:32,695 artcb.chain.manager INFO Security modules enabled (Anti-Sybil + Slashing)
2026-08-29 19:16:32,695 artcb.wallet.manager DEBUG WalletManager initialized wallet_dir=/workspace/simulations/20260829T191632Z_e2e167_distributed_consolidated/work/node_C/wallets
2026-08-29 19:16:32,696 artcb.economics.demographic DEBUG demographic ref digest=3d371804c570d3a3 adult_max=5820000000
2026-08-29 19:16:32,696 artcb.mining.protocol INFO Security modules ENABLED (Anti-Sybil + Slashing)
2026-08-29 19:16:32,696 artcb.chain.manager DEBUG chain identity bound humans=True machines=True work=True
2026-08-29 19:16:32,696 artcb.economics.identity DEBUG bootstrap creator id=H-A addr=A
2026-08-29 19:16:32,697 artcb.economics.identity DEBUG creator-direct validated H-B
2026-08-29 19:16:32,698 artcb.economics.identity DEBUG creator-direct validated H-C
2026-08-29 19:16:32,698 artcb.economics.identity DEBUG creator-direct validated H-D
2026-08-29 19:16:32,699 artcb.economics.identity DEBUG creator-direct validated H-E
2026-08-29 19:16:32,699 artcb.economics.human_binding DEBUG registered machine id=M1 owner=A index=1 first=True human=None N_econ=1
2026-08-29 19:16:32,699 artcb.economics.human_binding DEBUG registered machine id=M2 owner=A index=2 first=False human=B N_econ=2
2026-08-29 19:16:32,699 artcb.economics.human_binding DEBUG registered machine id=M3 owner=A index=3 first=False human=C N_econ=3
2026-08-29 19:16:32,700 artcb.economics.human_binding DEBUG registered machine id=M4 owner=A index=4 first=False human=D N_econ=4
2026-08-29 19:16:32,701 artcb.economics.human_binding DEBUG registered machine id=MB1 owner=B index=1 first=True human=None N_econ=1
2026-08-29 19:16:32,725 artcb.wallet.encryption DEBUG Encrypted secret blob (32 bytes → 85 bytes)
2026-08-29 19:16:32,725 artcb.chain.manager DEBUG Generated new Ed25519 chain key path=/workspace/simulations/20260829T191632Z_e2e167_distributed_consolidated/work/node_D/chain.key
2026-08-29 19:16:32,739 artcb.crypto.pqc DEBUG Generated ML-DSA-65 keypair (pub=1952 bytes)
2026-08-29 19:16:32,763 artcb.wallet.encryption DEBUG Encrypted secret blob (5984 bytes → 6037 bytes)
2026-08-29 19:16:32,763 artcb.chain.manager INFO Generated chain hybrid key ML-DSA-65
2026-08-29 19:16:32,864 artcb.system.hardware DEBUG Network bandwidth measured: 100.00 Mbps -> class=BONNE
2026-08-29 19:16:32,864 artcb.system.optimizer DEBUG compute_max_contributors: wallets_active=0 -> adoption_cap=10 | bandwidth=100.0 Mbps class=BONNE -> network_cap=41666 | result=10
2026-08-29 19:16:32,864 src.artcb.security.anti_sybil DEBUG Dynamic max_contributors recalculated: wallets_30d=0 bw=100.0Mbps class=BONNE -> limit=10
2026-08-29 19:16:32,864 src.artcb.security.anti_sybil INFO AntiSybilValidator initialized: min_pol=0.60 max_contributors=10 (dynamic=True) min_interval=0s ai_bypass=False study_mode=False
2026-08-29 19:16:32,864 src.artcb.security.slashing INFO SlashingManager initialized: 0 events, 0 blacklisted addresses
2026-08-29 19:16:32,864 artcb.chain.manager INFO Security modules enabled (Anti-Sybil + Slashing)
2026-08-29 19:16:32,864 artcb.wallet.manager DEBUG WalletManager initialized wallet_dir=/workspace/simulations/20260829T191632Z_e2e167_distributed_consolidated/work/node_D/wallets
2026-08-29 19:16:32,864 artcb.economics.demographic DEBUG demographic ref digest=3d371804c570d3a3 adult_max=5820000000
2026-08-29 19:16:32,864 artcb.mining.protocol INFO Security modules ENABLED (Anti-Sybil + Slashing)
2026-08-29 19:16:32,864 artcb.chain.manager DEBUG chain identity bound humans=True machines=True work=True
2026-08-29 19:16:32,865 artcb.economics.identity DEBUG bootstrap creator id=H-A addr=A
2026-08-29 19:16:32,866 artcb.economics.identity DEBUG creator-direct validated H-B
2026-08-29 19:16:32,866 artcb.economics.identity DEBUG creator-direct validated H-C
2026-08-29 19:16:32,867 artcb.economics.identity DEBUG creator-direct validated H-D
2026-08-29 19:16:32,868 artcb.economics.identity DEBUG creator-direct validated H-E
2026-08-29 19:16:32,869 artcb.economics.human_binding DEBUG registered machine id=M1 owner=A index=1 first=True human=None N_econ=1
2026-08-29 19:16:32,869 artcb.economics.human_binding DEBUG registered machine id=M2 owner=A index=2 first=False human=B N_econ=2
2026-08-29 19:16:32,869 artcb.economics.human_binding DEBUG registered machine id=M3 owner=A index=3 first=False human=C N_econ=3
2026-08-29 19:16:32,870 artcb.economics.human_binding DEBUG registered machine id=M4 owner=A index=4 first=False human=D N_econ=4
2026-08-29 19:16:32,870 artcb.economics.human_binding DEBUG registered machine id=MB1 owner=B index=1 first=True human=None N_econ=1
2026-08-29 19:16:32,871 artcb.economics.economic_snapshot INFO epoch=1 snapshot=c46fb3bc8204616d applied=0 machines=5 h_adult=5
2026-08-29 19:16:32,871 artcb.economics.economic_snapshot INFO epoch=1 snapshot=c46fb3bc8204616d applied=0 machines=5 h_adult=5
2026-08-29 19:16:32,871 artcb.economics.economic_snapshot INFO epoch=1 snapshot=c46fb3bc8204616d applied=0 machines=5 h_adult=5
2026-08-29 19:16:32,872 artcb.economics.economic_snapshot INFO epoch=1 snapshot=c46fb3bc8204616d applied=0 machines=5 h_adult=5
2026-08-29 19:16:32,872 artcb.economics.owner_decay DEBUG payout M1=100% (N_economic=4 ignored for M1)
2026-08-29 19:16:32,872 artcb.economics.owner_decay DEBUG fleet_owner_share N=4 P=0.480250000000 k=0.025317807984
2026-08-29 19:16:32,872 artcb.economics.hbp DEBUG HBP(H) h_adult=5.0 rate=0.1000000006
2026-08-29 19:16:32,872 artcb.economics.hbp DEBUG HBP(ratio) h=5.0 max=5820000000 ratio=0.000000 peak_r=0.713058 end_r=1.000000 rate=0.1000000006
2026-08-29 19:16:32,879 artcb.economics.workid DEBUG WorkID WorkID-X -> EXECUTING score=0.0
2026-08-29 19:16:32,879 artcb.economics.economic_snapshot DEBUG SettlementID work=WorkID-X sid=624c8f3ac1eabd04
2026-08-29 19:16:32,879 artcb.economics.economic_snapshot DEBUG settlement consumed sid=624c8f3ac1eabd04 node=A
2026-08-29 19:16:32,879 artcb.mining.protocol DEBUG H_adult live=5 source=HumanRegistry.adult_verified
2026-08-29 19:16:32,879 artcb.economics.emission DEBUG R(H) h_adult=5.0 clamped=1000000.0 reward=50.0000000000
2026-08-29 19:16:32,879 artcb.economics.emission DEBUG issued_reward index=0 (unused) H_adult=5.0 interval=600.0 R(H)=50.0000000000 scaled=50.0000000000 remaining=2100000000000000 -> 5000000000
2026-08-29 19:16:32,879 artcb.economics.network_capacity DEBUG N_max=6 cpu=8.0 ram=8.0 net=100.0 val=8.0
2026-08-29 19:16:32,879 artcb.economics.partition_map DEBUG partition work=WorkID-X epoch=0 N=5 -> 2
2026-08-29 19:16:32,879 artcb.economics.preblocks DEBUG partitioned R_block=5000000000 into 5 preblocks total=5000000000
2026-08-29 19:16:32,879 artcb.economics.hbp DEBUG HBP(H) h_adult=5.0 rate=0.1000000006
2026-08-29 19:16:32,879 artcb.economics.owner_decay DEBUG payout M1=100% (N_economic=4 ignored for M1)
2026-08-29 19:16:32,879 artcb.economics.owner_decay DEBUG fleet_owner_share N=4 P=0.480250000000 k=0.025317807984
2026-08-29 19:16:32,879 artcb.economics.owner_decay DEBUG fleet_owner_share N=4 P=0.480250000000 k=0.025317807984
2026-08-29 19:16:32,879 artcb.economics.owner_decay DEBUG fleet_owner_share N=4 P=0.480250000000 k=0.025317807984
2026-08-29 19:16:32,879 artcb.economics.settlement DEBUG settled R=5000000000 H_adult=5.0 HBP=0.100000 work=4499999997 provider=2249999998 worker=2249999999 lines=13
2026-08-29 19:16:32,879 artcb.economics.economic_root DEBUG EconomicRoot=672de758ab333e1a keys=['h_adult', 'hbp_pool_satoshi', 'lines', 'provider_pool_satoshi', 'r_block_satoshi', 'worker_pool_satoshi']
2026-08-29 19:16:32,880 artcb.mining.protocol DEBUG provider contributor JP1 score=1.0
2026-08-29 19:16:32,880 artcb.mining.protocol DEBUG provider contributor JP2 score=1.0
2026-08-29 19:16:32,886 artcb.economics.workid DEBUG WorkID WorkID-X -> EXECUTING score=0.0
2026-08-29 19:16:32,886 artcb.economics.economic_snapshot DEBUG SettlementID work=WorkID-X sid=624c8f3ac1eabd04
2026-08-29 19:16:32,894 artcb.economics.workid DEBUG WorkID WorkID-X -> EXECUTING score=0.0
2026-08-29 19:16:32,894 artcb.economics.economic_snapshot DEBUG SettlementID work=WorkID-X sid=624c8f3ac1eabd04
2026-08-29 19:16:32,954 artcb.economics.workid DEBUG WorkID WorkID-X -> EXECUTING score=0.0
2026-08-29 19:16:32,955 artcb.economics.economic_snapshot DEBUG SettlementID work=WorkID-X sid=624c8f3ac1eabd04
2026-08-29 19:16:32,980 artcb.system.hardware DEBUG Network bandwidth measured: 100.00 Mbps -> class=BONNE
2026-08-29 19:16:32,980 artcb.system.optimizer DEBUG compute_max_contributors: wallets_active=0 -> adoption_cap=10 | bandwidth=100.0 Mbps class=BONNE -> network_cap=41666 | result=10
2026-08-29 19:16:32,980 src.artcb.security.anti_sybil DEBUG Dynamic max_contributors recalculated: wallets_30d=0 bw=100.0Mbps class=BONNE -> limit=10
2026-08-29 19:16:32,980 src.artcb.security.anti_sybil DEBUG Block 0 passed anti-Sybil validation (source=mining)
2026-08-29 19:16:32,980 artcb.chain.manager DEBUG H_adult explicit=5.0
2026-08-29 19:16:32,980 artcb.economics.hbp DEBUG HBP(H) h_adult=5.0 rate=0.1000000006
2026-08-29 19:16:32,980 artcb.economics.owner_decay DEBUG payout M1=100% (N_economic=4 ignored for M1)
2026-08-29 19:16:32,980 artcb.economics.owner_decay DEBUG fleet_owner_share N=4 P=0.480250000000 k=0.025317807984
2026-08-29 19:16:32,981 artcb.economics.owner_decay DEBUG fleet_owner_share N=4 P=0.480250000000 k=0.025317807984
2026-08-29 19:16:32,981 artcb.economics.owner_decay DEBUG fleet_owner_share N=4 P=0.480250000000 k=0.025317807984
2026-08-29 19:16:32,981 artcb.economics.settlement DEBUG settled R=5000000000 H_adult=5.0 HBP=0.100000 work=4499999997 provider=2249999998 worker=2249999999 lines=13
2026-08-29 19:16:32,981 artcb.economics.economic_root DEBUG EconomicRoot=672de758ab333e1a keys=['h_adult', 'hbp_pool_satoshi', 'lines', 'provider_pool_satoshi', 'r_block_satoshi', 'worker_pool_satoshi']
2026-08-29 19:16:32,981 artcb.chain.ffi DEBUG Loaded C library path=/workspace/src/c/libartcb_chain.so v2=True
2026-08-29 19:16:32,981 artcb.chain.manager DEBUG native C EconomicRoot v2 index=0 root=672de758ab333e1a
2026-08-29 19:16:32,981 artcb.chain.ffi DEBUG C v2 hash index=0 eco=672de758ab33 -> 9d2870e276a8c5b2
2026-08-29 19:16:32,995 artcb.economics.workid DEBUG WorkID WorkID-X -> SETTLED score=0.0
2026-08-29 19:16:32,995 src.artcb.security.anti_sybil DEBUG Block 0 recorded in reputation for 6 contributors
2026-08-29 19:16:32,995 artcb.chain.manager DEBUG Appended block index=0 hash=9d2870e276a8c5b2adacb2f93695956cc0257deffc86f28df3ec5d160e79ea4b sha3=65ba71299c630e03 reward=5000000000 contributors=6 hybrid=True
2026-08-29 19:16:32,996 artcb.economics.audit_log DEBUG audit append type=protocol_block hash=05c2855804a5b6ef
2026-08-29 19:16:32,996 artcb.mining.protocol DEBUG protocol block=0 hash=9d2870e276a8c5b2 H_adult=5.0 paid=5000000000 supply=5000000000 v=2
2026-08-29 19:16:32,997 artcb.economics.economic_snapshot DEBUG queued transfer M4 -> B effective_epoch=2
2026-08-29 19:16:33,002 artcb.economics.workid DEBUG WorkID WorkID-transfer-window -> EXECUTING score=0.0
2026-08-29 19:16:33,003 artcb.economics.economic_snapshot DEBUG SettlementID work=WorkID-transfer-window sid=c8f4ea2e73666613
2026-08-29 19:16:33,003 artcb.economics.economic_snapshot DEBUG settlement consumed sid=c8f4ea2e73666613 node=A
2026-08-29 19:16:33,003 artcb.mining.protocol DEBUG H_adult live=5 source=HumanRegistry.adult_verified
2026-08-29 19:16:33,003 artcb.economics.emission DEBUG R(H) h_adult=5.0 clamped=1000000.0 reward=50.0000000000
2026-08-29 19:16:33,003 artcb.economics.emission DEBUG issued_reward index=0 (unused) H_adult=5.0 interval=600.0 R(H)=50.0000000000 scaled=50.0000000000 remaining=2099995000000000 -> 5000000000
2026-08-29 19:16:33,003 artcb.economics.network_capacity DEBUG N_max=6 cpu=8.0 ram=8.0 net=100.0 val=8.0
2026-08-29 19:16:33,003 artcb.economics.partition_map DEBUG partition work=WorkID-transfer-window epoch=0 N=5 -> 0
2026-08-29 19:16:33,003 artcb.economics.preblocks DEBUG partitioned R_block=5000000000 into 5 preblocks total=5000000000
2026-08-29 19:16:33,003 artcb.economics.hbp DEBUG HBP(H) h_adult=5.0 rate=0.1000000006
2026-08-29 19:16:33,003 artcb.economics.provider_worker DEBUG no provider scores — worker takes full PoL pool 4499999997
2026-08-29 19:16:33,003 artcb.economics.owner_decay DEBUG payout M1=100% (N_economic=4 ignored for M1)
2026-08-29 19:16:33,003 artcb.economics.owner_decay DEBUG fleet_owner_share N=4 P=0.480250000000 k=0.025317807984
2026-08-29 19:16:33,003 artcb.economics.owner_decay DEBUG fleet_owner_share N=4 P=0.480250000000 k=0.025317807984
2026-08-29 19:16:33,003 artcb.economics.owner_decay DEBUG fleet_owner_share N=4 P=0.480250000000 k=0.025317807984
2026-08-29 19:16:33,003 artcb.economics.settlement DEBUG settled R=5000000000 H_adult=5.0 HBP=0.100000 work=4499999997 provider=0 worker=4499999997 lines=11
2026-08-29 19:16:33,003 artcb.economics.economic_root DEBUG EconomicRoot=02fe78d43b756b17 keys=['h_adult', 'hbp_pool_satoshi', 'lines', 'provider_pool_satoshi', 'r_block_satoshi', 'worker_pool_satoshi']
2026-08-29 19:16:33,104 artcb.system.hardware DEBUG Network bandwidth measured: 100.00 Mbps -> class=BONNE
2026-08-29 19:16:33,104 artcb.system.optimizer DEBUG compute_max_contributors: wallets_active=3 -> adoption_cap=10 | bandwidth=100.0 Mbps class=BONNE -> network_cap=41666 | result=10
2026-08-29 19:16:33,104 src.artcb.security.anti_sybil DEBUG Dynamic max_contributors recalculated: wallets_30d=3 bw=100.0Mbps class=BONNE -> limit=10
2026-08-29 19:16:33,104 src.artcb.security.anti_sybil DEBUG Block 1 passed anti-Sybil validation (source=mining)
2026-08-29 19:16:33,104 artcb.chain.manager DEBUG H_adult explicit=5.0
2026-08-29 19:16:33,104 artcb.economics.hbp DEBUG HBP(H) h_adult=5.0 rate=0.1000000006
2026-08-29 19:16:33,104 artcb.economics.provider_worker DEBUG no provider scores — worker takes full PoL pool 4499999997
2026-08-29 19:16:33,104 artcb.economics.owner_decay DEBUG payout M1=100% (N_economic=4 ignored for M1)
2026-08-29 19:16:33,105 artcb.economics.owner_decay DEBUG fleet_owner_share N=4 P=0.480250000000 k=0.025317807984
2026-08-29 19:16:33,105 artcb.economics.owner_decay DEBUG fleet_owner_share N=4 P=0.480250000000 k=0.025317807984
2026-08-29 19:16:33,105 artcb.economics.owner_decay DEBUG fleet_owner_share N=4 P=0.480250000000 k=0.025317807984
2026-08-29 19:16:33,105 artcb.economics.settlement DEBUG settled R=5000000000 H_adult=5.0 HBP=0.100000 work=4499999997 provider=0 worker=4499999997 lines=11
2026-08-29 19:16:33,105 artcb.economics.economic_root DEBUG EconomicRoot=02fe78d43b756b17 keys=['h_adult', 'hbp_pool_satoshi', 'lines', 'provider_pool_satoshi', 'r_block_satoshi', 'worker_pool_satoshi']
2026-08-29 19:16:33,105 artcb.chain.manager DEBUG native C EconomicRoot v2 index=1 root=02fe78d43b756b17
2026-08-29 19:16:33,105 artcb.chain.ffi DEBUG C v2 hash index=1 eco=02fe78d43b75 -> ad173a412adaac9d
2026-08-29 19:16:33,119 artcb.economics.workid DEBUG WorkID WorkID-transfer-window -> SETTLED score=0.0
2026-08-29 19:16:33,119 src.artcb.security.anti_sybil DEBUG Block 1 recorded in reputation for 4 contributors
2026-08-29 19:16:33,119 artcb.chain.manager DEBUG Appended block index=1 hash=ad173a412adaac9dc30b1d0ec3057801eb224d9e2f89fc67828297cf2dd722aa sha3=2c435d65ab8de76b reward=5000000000 contributors=4 hybrid=True
2026-08-29 19:16:33,119 artcb.economics.audit_log DEBUG audit append type=protocol_block hash=cb53e434417baab4
2026-08-29 19:16:33,119 artcb.mining.protocol DEBUG protocol block=1 hash=ad173a412adaac9d H_adult=5.0 paid=5000000000 supply=10000000000 v=2
2026-08-29 19:16:33,120 artcb.economics.human_binding DEBUG transferred out M4 from A
2026-08-29 19:16:33,120 artcb.economics.human_binding DEBUG registered machine id=M4:to:B owner=B index=2 first=False human=E N_econ=2
2026-08-29 19:16:33,121 artcb.economics.economic_snapshot INFO epoch=2 snapshot=1d4dfc133fe9a7a0 applied=1 machines=6 h_adult=5
2026-08-29 19:16:33,121 artcb.economics.human_binding DEBUG offline M2 N_econ unchanged=3
2026-08-29 19:16:33,121 artcb.economics.economic_snapshot DEBUG queued reconnect M2 ready=2026-08-29T19:16:34.121413+00:00
2026-08-29 19:16:33,378 artcb.payments.stripe_jobs DEBUG stripe POST /payment_intents id=pi_3U9rjxH8iCu6cONU1X7Q0apE status=requires_payment_method mode=test
2026-08-29 19:16:33,672 artcb.payments.stripe_jobs DEBUG stripe POST /payment_intents/pi_3U9rjxH8iCu6cONU1X7Q0apE/cancel id=pi_3U9rjxH8iCu6cONU1X7Q0apE status=canceled mode=test
2026-08-29 19:16:33,672 artcb.payments.stripe_jobs DEBUG stripe PI cancelled id=pi_3U9rjxH8iCu6cONU1X7Q0apE status=canceled minted=0
2026-08-29 19:16:33,672 artcb.payments.stripe_jobs DEBUG stripe JobPayment ok job=job_stripe_down_167 status=canceled minted=0
2026-08-29 19:16:33,672 artcb.mining.protocol DEBUG stripe attempt_live ok=True consensus_blocked=False
2026-08-29 19:16:33,673 artcb.economics.workid DEBUG WorkID WorkID-stripe-down -> EXECUTING score=0.0
2026-08-29 19:16:33,673 artcb.economics.economic_snapshot DEBUG SettlementID work=WorkID-stripe-down sid=cd3d60d35a42187f
2026-08-29 19:16:33,673 artcb.economics.economic_snapshot DEBUG settlement consumed sid=cd3d60d35a42187f node=A
2026-08-29 19:16:33,673 artcb.mining.protocol DEBUG H_adult live=5 source=HumanRegistry.adult_verified
2026-08-29 19:16:33,673 artcb.economics.emission DEBUG R(H) h_adult=5.0 clamped=1000000.0 reward=50.0000000000
2026-08-29 19:16:33,673 artcb.economics.emission DEBUG issued_reward index=0 (unused) H_adult=5.0 interval=600.0 R(H)=50.0000000000 scaled=50.0000000000 remaining=2099990000000000 -> 5000000000
2026-08-29 19:16:33,674 artcb.economics.network_capacity DEBUG N_max=6 cpu=8.0 ram=8.0 net=100.0 val=8.0
2026-08-29 19:16:33,674 artcb.economics.partition_map DEBUG partition work=WorkID-stripe-down epoch=1 N=5 -> 2
2026-08-29 19:16:33,674 artcb.economics.preblocks DEBUG partitioned R_block=5000000000 into 5 preblocks total=5000000000
2026-08-29 19:16:33,674 artcb.economics.hbp DEBUG HBP(H) h_adult=5.0 rate=0.1000000006
2026-08-29 19:16:33,674 artcb.economics.provider_worker DEBUG no provider scores — worker takes full PoL pool 4499999997
2026-08-29 19:16:33,674 artcb.economics.owner_decay DEBUG payout M1=100% (N_economic=3 ignored for M1)
2026-08-29 19:16:33,674 artcb.economics.owner_decay DEBUG fleet_owner_share N=3 P=0.490000000000 k=0.025317807984
2026-08-29 19:16:33,674 artcb.economics.settlement DEBUG settled R=5000000000 H_adult=5.0 HBP=0.100000 work=4499999997 provider=0 worker=4499999997 lines=5
2026-08-29 19:16:33,674 artcb.economics.economic_root DEBUG EconomicRoot=dbcf63e9c46b64dd keys=['h_adult', 'hbp_pool_satoshi', 'lines', 'provider_pool_satoshi', 'r_block_satoshi', 'worker_pool_satoshi']
2026-08-29 19:16:33,775 artcb.system.hardware DEBUG Network bandwidth measured: 100.00 Mbps -> class=BONNE
2026-08-29 19:16:33,775 artcb.system.optimizer DEBUG compute_max_contributors: wallets_active=3 -> adoption_cap=10 | bandwidth=100.0 Mbps class=BONNE -> network_cap=41666 | result=10
2026-08-29 19:16:33,775 src.artcb.security.anti_sybil DEBUG Dynamic max_contributors recalculated: wallets_30d=3 bw=100.0Mbps class=BONNE -> limit=10
2026-08-29 19:16:33,775 src.artcb.security.anti_sybil DEBUG Block 2 passed anti-Sybil validation (source=mining)
2026-08-29 19:16:33,775 artcb.chain.manager DEBUG H_adult explicit=5.0
2026-08-29 19:16:33,775 artcb.economics.hbp DEBUG HBP(H) h_adult=5.0 rate=0.1000000006
2026-08-29 19:16:33,775 artcb.economics.provider_worker DEBUG no provider scores — worker takes full PoL pool 4499999997
2026-08-29 19:16:33,775 artcb.economics.owner_decay DEBUG payout M1=100% (N_economic=3 ignored for M1)
2026-08-29 19:16:33,775 artcb.economics.owner_decay DEBUG fleet_owner_share N=3 P=0.490000000000 k=0.025317807984
2026-08-29 19:16:33,775 artcb.economics.settlement DEBUG settled R=5000000000 H_adult=5.0 HBP=0.100000 work=4499999997 provider=0 worker=4499999997 lines=5
2026-08-29 19:16:33,775 artcb.economics.economic_root DEBUG EconomicRoot=dbcf63e9c46b64dd keys=['h_adult', 'hbp_pool_satoshi', 'lines', 'provider_pool_satoshi', 'r_block_satoshi', 'worker_pool_satoshi']
2026-08-29 19:16:33,775 artcb.chain.manager DEBUG native C EconomicRoot v2 index=2 root=dbcf63e9c46b64dd
2026-08-29 19:16:33,775 artcb.chain.ffi DEBUG C v2 hash index=2 eco=dbcf63e9c46b -> a786af1d9991bc71
2026-08-29 19:16:33,789 artcb.economics.workid DEBUG WorkID WorkID-stripe-down -> SETTLED score=0.0
2026-08-29 19:16:33,789 src.artcb.security.anti_sybil DEBUG Block 2 recorded in reputation for 2 contributors
2026-08-29 19:16:33,789 artcb.chain.manager DEBUG Appended block index=2 hash=a786af1d9991bc71b0bb1bdffd3d7a41322cb819dcaeba0ba72a4d5405229ca7 sha3=26fc1593072d1fec reward=5000000000 contributors=2 hybrid=True
2026-08-29 19:16:33,790 artcb.economics.audit_log DEBUG audit append type=protocol_block hash=7989765c7e152b34
2026-08-29 19:16:33,790 artcb.mining.protocol DEBUG protocol block=2 hash=a786af1d9991bc71 H_adult=5.0 paid=5000000000 supply=15000000000 v=2
2026-08-29 19:16:33,811 artcb.economics.workid DEBUG WorkID WorkID-X -> EXECUTING score=0.0
2026-08-29 19:16:33,811 artcb.economics.economic_snapshot DEBUG SettlementID work=WorkID-X sid=624c8f3ac1eabd04
2026-08-29 19:16:33,870 artcb.economics.workid DEBUG WorkID WorkID-X -> EXECUTING score=0.0
2026-08-29 19:16:33,871 artcb.economics.economic_snapshot DEBUG SettlementID work=WorkID-X sid=624c8f3ac1eabd04
2026-08-29 19:16:33,871 artcb.economics.distributed DEBUG canonical tip node=A height=3 hash=a786af1d9991bc71
2026-08-29 19:16:33,872 artcb.economics.oracle DEBUG OracleUnavailable valid=0 min=2 invented=false
2026-08-29 19:16:33,878 artcb.economics.workid DEBUG WorkID WorkID-noprovider -> EXECUTING score=0.0
2026-08-29 19:16:33,878 artcb.economics.economic_snapshot DEBUG SettlementID work=WorkID-noprovider sid=300e6f245bec5c0e
2026-08-29 19:16:33,878 artcb.economics.economic_snapshot DEBUG settlement consumed sid=300e6f245bec5c0e node=A
2026-08-29 19:16:33,878 artcb.mining.protocol DEBUG H_adult live=5 source=HumanRegistry.adult_verified
2026-08-29 19:16:33,878 artcb.economics.emission DEBUG R(H) h_adult=5.0 clamped=1000000.0 reward=50.0000000000
2026-08-29 19:16:33,878 artcb.economics.emission DEBUG issued_reward index=0 (unused) H_adult=5.0 interval=600.0 R(H)=50.0000000000 scaled=50.0000000000 remaining=2099985000000000 -> 5000000000
2026-08-29 19:16:33,878 artcb.economics.network_capacity DEBUG N_max=6 cpu=8.0 ram=8.0 net=100.0 val=8.0
2026-08-29 19:16:33,879 artcb.economics.partition_map DEBUG partition work=WorkID-noprovider epoch=2 N=5 -> 4
2026-08-29 19:16:33,879 artcb.economics.preblocks DEBUG partitioned R_block=5000000000 into 5 preblocks total=5000000000
2026-08-29 19:16:33,879 artcb.economics.hbp DEBUG HBP(H) h_adult=5.0 rate=0.1000000006
2026-08-29 19:16:33,879 artcb.economics.provider_worker DEBUG no provider scores — worker takes full PoL pool 4499999997
2026-08-29 19:16:33,879 artcb.economics.owner_decay DEBUG payout M1=100% (N_economic=3 ignored for M1)
2026-08-29 19:16:33,879 artcb.economics.settlement DEBUG settled R=5000000000 H_adult=5.0 HBP=0.100000 work=4499999997 provider=0 worker=4499999997 lines=2
2026-08-29 19:16:33,879 artcb.economics.economic_root DEBUG EconomicRoot=8d02442aec2ce732 keys=['h_adult', 'hbp_pool_satoshi', 'lines', 'provider_pool_satoshi', 'r_block_satoshi', 'worker_pool_satoshi']
2026-08-29 19:16:33,979 artcb.system.hardware DEBUG Network bandwidth measured: 100.00 Mbps -> class=BONNE
2026-08-29 19:16:33,979 artcb.system.optimizer DEBUG compute_max_contributors: wallets_active=3 -> adoption_cap=10 | bandwidth=100.0 Mbps class=BONNE -> network_cap=41666 | result=10
2026-08-29 19:16:33,979 src.artcb.security.anti_sybil DEBUG Dynamic max_contributors recalculated: wallets_30d=3 bw=100.0Mbps class=BONNE -> limit=10
2026-08-29 19:16:33,979 src.artcb.security.anti_sybil DEBUG Block 3 passed anti-Sybil validation (source=mining)
2026-08-29 19:16:33,979 artcb.chain.manager DEBUG H_adult explicit=5.0
2026-08-29 19:16:33,980 artcb.economics.hbp DEBUG HBP(H) h_adult=5.0 rate=0.1000000006
2026-08-29 19:16:33,980 artcb.economics.provider_worker DEBUG no provider scores — worker takes full PoL pool 4499999997
2026-08-29 19:16:33,980 artcb.economics.owner_decay DEBUG payout M1=100% (N_economic=3 ignored for M1)
2026-08-29 19:16:33,980 artcb.economics.settlement DEBUG settled R=5000000000 H_adult=5.0 HBP=0.100000 work=4499999997 provider=0 worker=4499999997 lines=2
2026-08-29 19:16:33,980 artcb.economics.economic_root DEBUG EconomicRoot=8d02442aec2ce732 keys=['h_adult', 'hbp_pool_satoshi', 'lines', 'provider_pool_satoshi', 'r_block_satoshi', 'worker_pool_satoshi']
2026-08-29 19:16:33,980 artcb.chain.manager DEBUG native C EconomicRoot v2 index=3 root=8d02442aec2ce732
2026-08-29 19:16:33,980 artcb.chain.ffi DEBUG C v2 hash index=3 eco=8d02442aec2c -> df97b67cbfc141e6
2026-08-29 19:16:33,994 artcb.economics.workid DEBUG WorkID WorkID-noprovider -> SETTLED score=0.0
2026-08-29 19:16:33,994 src.artcb.security.anti_sybil DEBUG Block 3 recorded in reputation for 1 contributors
2026-08-29 19:16:33,994 artcb.chain.manager DEBUG Appended block index=3 hash=df97b67cbfc141e6214d07d5ce5a1085312fe4f2a1ba0b2479ae33a570d8698d sha3=77b6f7f9d2df4de5 reward=5000000000 contributors=1 hybrid=True
2026-08-29 19:16:33,994 artcb.economics.audit_log DEBUG audit append type=protocol_block hash=1380193d3a202597
2026-08-29 19:16:33,995 artcb.mining.protocol DEBUG protocol block=3 hash=df97b67cbfc141e6 H_adult=5.0 paid=5000000000 supply=20000000000 v=2
2026-08-29 19:16:34,146 artcb.system.hardware DEBUG Network bandwidth measured: 100.00 Mbps -> class=BONNE
2026-08-29 19:16:34,146 artcb.system.optimizer DEBUG compute_max_contributors: wallets_active=0 -> adoption_cap=10 | bandwidth=100.0 Mbps class=BONNE -> network_cap=41666 | result=10
2026-08-29 19:16:34,146 src.artcb.security.anti_sybil DEBUG Dynamic max_contributors recalculated: wallets_30d=0 bw=100.0Mbps class=BONNE -> limit=10
2026-08-29 19:16:34,147 src.artcb.security.anti_sybil INFO AntiSybilValidator initialized: min_pol=0.60 max_contributors=10 (dynamic=True) min_interval=0s ai_bypass=False study_mode=False
2026-08-29 19:16:34,147 src.artcb.security.slashing INFO SlashingManager initialized: 0 events, 0 blacklisted addresses
2026-08-29 19:16:34,147 artcb.chain.manager INFO Security modules enabled (Anti-Sybil + Slashing)
2026-08-29 19:16:34,147 artcb.wallet.manager DEBUG WalletManager initialized wallet_dir=/workspace/simulations/20260829T191632Z_e2e167_distributed_consolidated/work/node_B/wallets
2026-08-29 19:16:34,147 artcb.economics.demographic DEBUG demographic ref digest=3d371804c570d3a3 adult_max=5820000000
2026-08-29 19:16:34,147 artcb.mining.protocol INFO Security modules ENABLED (Anti-Sybil + Slashing)
2026-08-29 19:16:34,147 artcb.chain.manager DEBUG chain identity bound humans=True machines=True work=True
2026-08-29 19:16:34,148 artcb.economics.distributed DEBUG canonical tip node=A height=4 hash=df97b67cbfc141e6
2026-08-29 19:16:34,148 sim167 INFO SIM167_DIR=/workspace/simulations/20260829T191632Z_e2e167_distributed_consolidated failures=0
